// Jest Snapshot v1, https://goo.gl/fbAQLP

exports[`Tests the User Console checks if main items exits 1`] = `ShallowWrapper {}`;
