// Jest Snapshot v1, https://goo.gl/fbAQLP

exports[`Header contains specific links 1`] = `ShallowWrapper {}`;
